-- Running vcpkg install
Detecting compiler hash for triplet x64-windows...
Compiler found: D:/Program Files/Microsoft Visual Studio/2022/Enterprise/VC/Tools/MSVC/14.39.33519/bin/Hostx64/x64/cl.exe
Detecting compiler hash for triplet x64-windows-static...
Compiler found: D:/Program Files/Microsoft Visual Studio/2022/Enterprise/VC/Tools/MSVC/14.39.33519/bin/Hostx64/x64/cl.exe
The following packages are already installed:
  * asio:x64-windows-static@1.32.0
  * bzip2[core,tool]:x64-windows-static@1.0.8#6
    cpr[core,ssl]:x64-windows-static@1.14.2
    crow:x64-windows-static@1.3.2
  * curl[core,sspi,ssl,non-http]:x64-windows-static@8.19.0
    ftxui:x64-windows-static@7.0.3#8
    gtest:x64-windows-static@1.17.0#2
    libzip[core,default-aes,bzip2]:x64-windows-static@1.11.4
    nlohmann-json:x64-windows-static@3.12.0#2
    sqlite3[core,json1]:x64-windows-static@3.53.0
  * vcpkg-cmake:x64-windows@2024-04-23
  * vcpkg-cmake-config:x64-windows@2024-05-23
  * zlib:x64-windows-static@1.3.1
cpr provides CMake targets:

  # this is heuristically generated, and may not be correct
  find_package(cpr CONFIG REQUIRED)
  target_link_libraries(main PRIVATE cpr::cpr)

crow provides CMake targets:

  # this is heuristically generated, and may not be correct
  find_package(Crow CONFIG REQUIRED)
  target_link_libraries(main PRIVATE Crow::Crow)

ftxui provides CMake targets:

  # this is heuristically generated, and may not be correct
  find_package(ftxui CONFIG REQUIRED)
  target_link_libraries(main PRIVATE ftxui::dom ftxui::ftxui ftxui::screen ftxui::component)

ftxui provides pkg-config modules:

  # C++ Functional Terminal User Interface.
  ftxui

libzip provides CMake targets:

  # this is heuristically generated, and may not be correct
  find_package(libzip CONFIG REQUIRED)
  target_link_libraries(main PRIVATE libzip::zip)

libzip provides pkg-config modules:

  # library for handling zip archives
  libzip

The package nlohmann-json provides CMake targets:

    find_package(nlohmann_json CONFIG REQUIRED)
    target_link_libraries(main PRIVATE nlohmann_json::nlohmann_json)

The package nlohmann-json can be configured to not provide implicit conversions via a custom triplet file:

    set(nlohmann-json_IMPLICIT_CONVERSIONS OFF)

For more information, see the docs here:
    
    https://json.nlohmann.me/api/macros/json_use_implicit_conversions/

sqlite3 provides pkgconfig bindings.
sqlite3 provides CMake targets:

    find_package(unofficial-sqlite3 CONFIG REQUIRED)
    target_link_libraries(main PRIVATE unofficial::sqlite3::sqlite3)

The package gtest is compatible with built-in CMake targets:

    enable_testing()
    
    find_package(GTest CONFIG REQUIRED)
    target_link_libraries(main PRIVATE GTest::gtest GTest::gtest_main GTest::gmock GTest::gmock_main)
    
    add_test(AllTestsInMain main)

All requested installations completed successfully in: 284 us
-- Running vcpkg install - done
-- Selecting Windows SDK version 10.0.26100.0 to target Windows 10.0.22631.
-- [acecode_embed_assets] wrote N:/Users/shao/acecode/build/generated/static_assets_data.cpp with 290 assets (BUILD_VERSION=37f51b1f)
-- Found ZLIB: optimized;N:/Users/shao/acecode/build/vcpkg_installed/x64-windows-static/lib/zlib.lib;debug;N:/Users/shao/acecode/build/vcpkg_installed/x64-windows-static/debug/lib/zlibd.lib (found suitable version "1.3.1", minimum required is "1")
-- Found ZLIB: optimized;N:/Users/shao/acecode/build/vcpkg_installed/x64-windows-static/lib/zlib.lib;debug;N:/Users/shao/acecode/build/vcpkg_installed/x64-windows-static/debug/lib/zlibd.lib (found suitable version "1.3.1", minimum required is "1.1.2")
-- Failed to find all ICU components (missing: ICU_INCLUDE_DIR) 
-- Configuring done (28.8s)
-- Generating done (2.5s)
-- Build files have been written to: N:/Users/shao/acecode/build
CONFIGURE_EXIT=0
